--------------------------------------------------------------------------------
Release 14.7 Trace  (nt64)
Copyright (c) 1995-2013 Xilinx, Inc.  All rights reserved.

C:\Xilinx\14.7\ISE_DS\ISE\bin\nt64\unwrapped\trce.exe -filter
F:/Self learning/FPGA/Projects/BETA_ISE/iseconfig/filter.filter -intstyle ise
-v 3 -s 3 -n 3 -fastpaths -xml ALU.twx ALU.ncd -o ALU.twr ALU.pcf

Design file:              ALU.ncd
Physical constraint file: ALU.pcf
Device,package,speed:     xc6slx9,csg324,C,-3 (PRODUCTION 1.23 2013-10-13)
Report level:             verbose report

Environment Variable      Effect 
--------------------      ------ 
NONE                      No environment variables were set
--------------------------------------------------------------------------------

INFO:Timing:2698 - No timing constraints found, doing default enumeration.
INFO:Timing:3412 - To improve timing, see the Timing Closure User Guide (UG612).
INFO:Timing:2752 - To get complete path coverage, use the unconstrained paths 
   option. All paths that are not constrained will be reported in the 
   unconstrained paths section(s) of the report.
INFO:Timing:3339 - The clock-to-out numbers in this timing report are based on 
   a 50 Ohm transmission line loading model.  For the details of this model, 
   and for more information on accounting for different loading conditions, 
   please see the device datasheet.



Data Sheet report:
-----------------
All values displayed in nanoseconds (ns)

Pad to Pad
---------------+---------------+---------+
Source Pad     |Destination Pad|  Delay  |
---------------+---------------+---------+
A<0>           |N              |    8.937|
A<0>           |V              |    9.886|
A<0>           |Y<0>           |   12.884|
A<0>           |Y<1>           |   10.352|
A<0>           |Y<2>           |    9.682|
A<0>           |Y<3>           |   11.477|
A<0>           |Y<4>           |   12.156|
A<0>           |Y<5>           |   11.199|
A<0>           |Y<6>           |   11.978|
A<0>           |Y<7>           |   12.315|
A<0>           |Y<8>           |   11.986|
A<0>           |Y<9>           |   12.086|
A<0>           |Y<10>          |   11.813|
A<0>           |Y<11>          |   12.686|
A<0>           |Y<12>          |   10.982|
A<0>           |Y<13>          |   11.594|
A<0>           |Y<14>          |   13.065|
A<0>           |Y<15>          |   12.776|
A<0>           |Y<16>          |   11.671|
A<0>           |Y<17>          |   12.007|
A<0>           |Y<18>          |   11.681|
A<0>           |Y<19>          |   12.273|
A<0>           |Y<20>          |   11.855|
A<0>           |Y<21>          |   11.016|
A<0>           |Y<22>          |   11.834|
A<0>           |Y<23>          |   12.394|
A<0>           |Y<24>          |   11.620|
A<0>           |Y<25>          |   11.130|
A<0>           |Y<26>          |   12.855|
A<0>           |Y<27>          |   11.825|
A<0>           |Y<28>          |   11.330|
A<0>           |Y<29>          |   11.650|
A<0>           |Y<30>          |   12.049|
A<0>           |Y<31>          |   12.359|
A<0>           |Z              |   11.293|
A<1>           |N              |   10.539|
A<1>           |V              |   11.488|
A<1>           |Y<0>           |   14.486|
A<1>           |Y<1>           |   11.894|
A<1>           |Y<2>           |   11.259|
A<1>           |Y<3>           |   12.184|
A<1>           |Y<4>           |   12.128|
A<1>           |Y<5>           |   13.026|
A<1>           |Y<6>           |   13.402|
A<1>           |Y<7>           |   12.924|
A<1>           |Y<8>           |   12.828|
A<1>           |Y<9>           |   13.510|
A<1>           |Y<10>          |   13.237|
A<1>           |Y<11>          |   13.175|
A<1>           |Y<12>          |   12.081|
A<1>           |Y<13>          |   13.421|
A<1>           |Y<14>          |   14.489|
A<1>           |Y<15>          |   13.265|
A<1>           |Y<16>          |   12.649|
A<1>           |Y<17>          |   13.609|
A<1>           |Y<18>          |   13.105|
A<1>           |Y<19>          |   12.762|
A<1>           |Y<20>          |   12.706|
A<1>           |Y<21>          |   12.843|
A<1>           |Y<22>          |   13.258|
A<1>           |Y<23>          |   12.883|
A<1>           |Y<24>          |   12.534|
A<1>           |Y<25>          |   12.554|
A<1>           |Y<26>          |   14.279|
A<1>           |Y<27>          |   12.807|
A<1>           |Y<28>          |   12.609|
A<1>           |Y<29>          |   13.477|
A<1>           |Y<30>          |   13.473|
A<1>           |Y<31>          |   12.848|
A<1>           |Z              |   12.895|
A<2>           |N              |   10.287|
A<2>           |V              |   11.236|
A<2>           |Y<0>           |   14.234|
A<2>           |Y<1>           |   12.042|
A<2>           |Y<2>           |   12.248|
A<2>           |Y<3>           |   11.944|
A<2>           |Y<4>           |   12.900|
A<2>           |Y<5>           |   12.820|
A<2>           |Y<6>           |   13.036|
A<2>           |Y<7>           |   12.782|
A<2>           |Y<8>           |   13.921|
A<2>           |Y<9>           |   13.437|
A<2>           |Y<10>          |   12.871|
A<2>           |Y<11>          |   13.153|
A<2>           |Y<12>          |   13.119|
A<2>           |Y<13>          |   13.215|
A<2>           |Y<14>          |   14.123|
A<2>           |Y<15>          |   13.243|
A<2>           |Y<16>          |   13.639|
A<2>           |Y<17>          |   13.357|
A<2>           |Y<18>          |   12.739|
A<2>           |Y<19>          |   12.740|
A<2>           |Y<20>          |   13.482|
A<2>           |Y<21>          |   12.637|
A<2>           |Y<22>          |   12.892|
A<2>           |Y<23>          |   12.861|
A<2>           |Y<24>          |   13.555|
A<2>           |Y<25>          |   12.481|
A<2>           |Y<26>          |   13.913|
A<2>           |Y<27>          |   12.555|
A<2>           |Y<28>          |   13.467|
A<2>           |Y<29>          |   13.271|
A<2>           |Y<30>          |   13.107|
A<2>           |Y<31>          |   12.826|
A<2>           |Z              |   12.643|
A<3>           |N              |    9.853|
A<3>           |V              |   10.802|
A<3>           |Y<0>           |   13.800|
A<3>           |Y<1>           |   11.646|
A<3>           |Y<2>           |   12.042|
A<3>           |Y<3>           |   12.136|
A<3>           |Y<4>           |   12.475|
A<3>           |Y<5>           |   12.555|
A<3>           |Y<6>           |   12.735|
A<3>           |Y<7>           |   12.974|
A<3>           |Y<8>           |   13.496|
A<3>           |Y<9>           |   13.172|
A<3>           |Y<10>          |   12.570|
A<3>           |Y<11>          |   13.345|
A<3>           |Y<12>          |   12.694|
A<3>           |Y<13>          |   12.950|
A<3>           |Y<14>          |   13.822|
A<3>           |Y<15>          |   13.435|
A<3>           |Y<16>          |   13.214|
A<3>           |Y<17>          |   12.968|
A<3>           |Y<18>          |   12.508|
A<3>           |Y<19>          |   12.932|
A<3>           |Y<20>          |   13.057|
A<3>           |Y<21>          |   12.372|
A<3>           |Y<22>          |   12.591|
A<3>           |Y<23>          |   13.053|
A<3>           |Y<24>          |   13.130|
A<3>           |Y<25>          |   12.216|
A<3>           |Y<26>          |   13.612|
A<3>           |Y<27>          |   12.484|
A<3>           |Y<28>          |   13.042|
A<3>           |Y<29>          |   13.006|
A<3>           |Y<30>          |   12.806|
A<3>           |Y<31>          |   13.018|
A<3>           |Z              |   12.209|
A<4>           |N              |   10.697|
A<4>           |V              |   11.646|
A<4>           |Y<0>           |   14.644|
A<4>           |Y<1>           |   11.533|
A<4>           |Y<2>           |   11.906|
A<4>           |Y<3>           |   11.575|
A<4>           |Y<4>           |   12.775|
A<4>           |Y<5>           |   13.115|
A<4>           |Y<6>           |   12.771|
A<4>           |Y<7>           |   13.112|
A<4>           |Y<8>           |   13.326|
A<4>           |Y<9>           |   13.732|
A<4>           |Y<10>          |   12.631|
A<4>           |Y<11>          |   13.483|
A<4>           |Y<12>          |   12.524|
A<4>           |Y<13>          |   13.510|
A<4>           |Y<14>          |   13.858|
A<4>           |Y<15>          |   13.573|
A<4>           |Y<16>          |   13.044|
A<4>           |Y<17>          |   13.767|
A<4>           |Y<18>          |   12.635|
A<4>           |Y<19>          |   13.169|
A<4>           |Y<20>          |   12.887|
A<4>           |Y<21>          |   12.932|
A<4>           |Y<22>          |   12.650|
A<4>           |Y<23>          |   13.191|
A<4>           |Y<24>          |   12.960|
A<4>           |Y<25>          |   12.776|
A<4>           |Y<26>          |   13.648|
A<4>           |Y<27>          |   12.965|
A<4>           |Y<28>          |   12.872|
A<4>           |Y<29>          |   13.566|
A<4>           |Y<30>          |   12.842|
A<4>           |Y<31>          |   13.156|
A<4>           |Z              |   13.053|
A<5>           |N              |   10.035|
A<5>           |V              |   10.984|
A<5>           |Y<0>           |   13.982|
A<5>           |Y<1>           |   12.672|
A<5>           |Y<2>           |   11.555|
A<5>           |Y<3>           |   11.406|
A<5>           |Y<4>           |   12.607|
A<5>           |Y<5>           |   13.077|
A<5>           |Y<6>           |   12.705|
A<5>           |Y<7>           |   13.338|
A<5>           |Y<8>           |   12.524|
A<5>           |Y<9>           |   13.652|
A<5>           |Y<10>          |   12.540|
A<5>           |Y<11>          |   13.709|
A<5>           |Y<12>          |   11.577|
A<5>           |Y<13>          |   13.430|
A<5>           |Y<14>          |   13.792|
A<5>           |Y<15>          |   13.799|
A<5>           |Y<16>          |   12.615|
A<5>           |Y<17>          |   13.448|
A<5>           |Y<18>          |   12.478|
A<5>           |Y<19>          |   13.395|
A<5>           |Y<20>          |   12.219|
A<5>           |Y<21>          |   12.852|
A<5>           |Y<22>          |   12.561|
A<5>           |Y<23>          |   13.417|
A<5>           |Y<24>          |   12.158|
A<5>           |Y<25>          |   12.696|
A<5>           |Y<26>          |   13.582|
A<5>           |Y<27>          |   12.848|
A<5>           |Y<28>          |   12.105|
A<5>           |Y<29>          |   13.486|
A<5>           |Y<30>          |   12.776|
A<5>           |Y<31>          |   13.382|
A<5>           |Z              |   12.391|
A<6>           |N              |    9.885|
A<6>           |V              |   10.834|
A<6>           |Y<0>           |   13.832|
A<6>           |Y<1>           |   12.637|
A<6>           |Y<2>           |   12.388|
A<6>           |Y<3>           |   11.517|
A<6>           |Y<4>           |   12.717|
A<6>           |Y<5>           |   13.042|
A<6>           |Y<6>           |   12.912|
A<6>           |Y<7>           |   13.193|
A<6>           |Y<8>           |   12.488|
A<6>           |Y<9>           |   13.218|
A<6>           |Y<10>          |   12.747|
A<6>           |Y<11>          |   13.564|
A<6>           |Y<12>          |   11.446|
A<6>           |Y<13>          |   12.241|
A<6>           |Y<14>          |   13.999|
A<6>           |Y<15>          |   13.654|
A<6>           |Y<16>          |   12.579|
A<6>           |Y<17>          |   12.980|
A<6>           |Y<18>          |   12.685|
A<6>           |Y<19>          |   13.250|
A<6>           |Y<20>          |   12.183|
A<6>           |Y<21>          |   13.039|
A<6>           |Y<22>          |   12.768|
A<6>           |Y<23>          |   13.272|
A<6>           |Y<24>          |   12.122|
A<6>           |Y<25>          |   12.262|
A<6>           |Y<26>          |   13.789|
A<6>           |Y<27>          |   12.703|
A<6>           |Y<28>          |   11.955|
A<6>           |Y<29>          |   12.297|
A<6>           |Y<30>          |   12.983|
A<6>           |Y<31>          |   13.237|
A<6>           |Z              |   12.241|
A<7>           |N              |    9.486|
A<7>           |V              |   10.435|
A<7>           |Y<0>           |   13.433|
A<7>           |Y<1>           |   12.809|
A<7>           |Y<2>           |   12.061|
A<7>           |Y<3>           |   11.567|
A<7>           |Y<4>           |   12.744|
A<7>           |Y<5>           |   13.214|
A<7>           |Y<6>           |   12.376|
A<7>           |Y<7>           |   12.945|
A<7>           |Y<8>           |   12.681|
A<7>           |Y<9>           |   13.743|
A<7>           |Y<10>          |   12.879|
A<7>           |Y<11>          |   13.316|
A<7>           |Y<12>          |   11.639|
A<7>           |Y<13>          |   12.766|
A<7>           |Y<14>          |   13.420|
A<7>           |Y<15>          |   13.406|
A<7>           |Y<16>          |   12.772|
A<7>           |Y<17>          |   13.505|
A<7>           |Y<18>          |   12.790|
A<7>           |Y<19>          |   13.002|
A<7>           |Y<20>          |   12.376|
A<7>           |Y<21>          |   13.564|
A<7>           |Y<22>          |   12.531|
A<7>           |Y<23>          |   13.024|
A<7>           |Y<24>          |   12.315|
A<7>           |Y<25>          |   12.787|
A<7>           |Y<26>          |   13.921|
A<7>           |Y<27>          |   12.455|
A<7>           |Y<28>          |   11.987|
A<7>           |Y<29>          |   12.822|
A<7>           |Y<30>          |   12.404|
A<7>           |Y<31>          |   12.989|
A<7>           |Z              |   11.842|
A<8>           |N              |    9.701|
A<8>           |V              |   10.650|
A<8>           |Y<0>           |   13.648|
A<8>           |Y<1>           |   12.664|
A<8>           |Y<2>           |   12.415|
A<8>           |Y<3>           |   11.605|
A<8>           |Y<4>           |   11.710|
A<8>           |Y<5>           |   13.069|
A<8>           |Y<6>           |   12.730|
A<8>           |Y<7>           |   12.939|
A<8>           |Y<8>           |   12.652|
A<8>           |Y<9>           |   13.004|
A<8>           |Y<10>          |   12.567|
A<8>           |Y<11>          |   13.169|
A<8>           |Y<12>          |   11.610|
A<8>           |Y<13>          |   12.027|
A<8>           |Y<14>          |   13.108|
A<8>           |Y<15>          |   12.936|
A<8>           |Y<16>          |   12.743|
A<8>           |Y<17>          |   12.771|
A<8>           |Y<18>          |   12.478|
A<8>           |Y<19>          |   12.834|
A<8>           |Y<20>          |   12.347|
A<8>           |Y<21>          |   12.825|
A<8>           |Y<22>          |   12.219|
A<8>           |Y<23>          |   12.428|
A<8>           |Y<24>          |   12.286|
A<8>           |Y<25>          |   12.048|
A<8>           |Y<26>          |   13.609|
A<8>           |Y<27>          |   12.308|
A<8>           |Y<28>          |   11.958|
A<8>           |Y<29>          |   12.083|
A<8>           |Y<30>          |   12.092|
A<8>           |Y<31>          |   12.519|
A<8>           |Z              |   12.057|
A<9>           |N              |    9.529|
A<9>           |V              |   10.478|
A<9>           |Y<0>           |   13.476|
A<9>           |Y<1>           |   11.083|
A<9>           |Y<2>           |   11.744|
A<9>           |Y<3>           |   11.250|
A<9>           |Y<4>           |   11.370|
A<9>           |Y<5>           |   12.409|
A<9>           |Y<6>           |   12.059|
A<9>           |Y<7>           |   12.584|
A<9>           |Y<8>           |   11.095|
A<9>           |Y<9>           |   12.595|
A<9>           |Y<10>          |   11.916|
A<9>           |Y<11>          |   12.680|
A<9>           |Y<12>          |   11.961|
A<9>           |Y<13>          |   11.618|
A<9>           |Y<14>          |   12.457|
A<9>           |Y<15>          |   12.447|
A<9>           |Y<16>          |   13.029|
A<9>           |Y<17>          |   12.599|
A<9>           |Y<18>          |   11.827|
A<9>           |Y<19>          |   12.345|
A<9>           |Y<20>          |   13.279|
A<9>           |Y<21>          |   12.416|
A<9>           |Y<22>          |   11.568|
A<9>           |Y<23>          |   11.939|
A<9>           |Y<24>          |   12.669|
A<9>           |Y<25>          |   11.639|
A<9>           |Y<26>          |   12.958|
A<9>           |Y<27>          |   11.819|
A<9>           |Y<28>          |   12.309|
A<9>           |Y<29>          |   11.674|
A<9>           |Y<30>          |   11.441|
A<9>           |Y<31>          |   12.030|
A<9>           |Z              |   11.885|
A<10>          |N              |    9.859|
A<10>          |V              |   10.808|
A<10>          |Y<0>           |   13.806|
A<10>          |Y<1>           |   11.236|
A<10>          |Y<2>           |   11.431|
A<10>          |Y<3>           |   11.382|
A<10>          |Y<4>           |   11.815|
A<10>          |Y<5>           |   12.562|
A<10>          |Y<6>           |   11.495|
A<10>          |Y<7>           |   12.716|
A<10>          |Y<8>           |   11.540|
A<10>          |Y<9>           |   11.464|
A<10>          |Y<10>          |   12.538|
A<10>          |Y<11>          |   12.581|
A<10>          |Y<12>          |   11.711|
A<10>          |Y<13>          |   11.929|
A<10>          |Y<14>          |   12.867|
A<10>          |Y<15>          |   12.348|
A<10>          |Y<16>          |   12.779|
A<10>          |Y<17>          |   13.485|
A<10>          |Y<18>          |   12.237|
A<10>          |Y<19>          |   12.246|
A<10>          |Y<20>          |   13.029|
A<10>          |Y<21>          |   12.145|
A<10>          |Y<22>          |   11.978|
A<10>          |Y<23>          |   11.840|
A<10>          |Y<24>          |   12.419|
A<10>          |Y<25>          |   12.049|
A<10>          |Y<26>          |   13.368|
A<10>          |Y<27>          |   12.127|
A<10>          |Y<28>          |   12.059|
A<10>          |Y<29>          |   11.985|
A<10>          |Y<30>          |   11.851|
A<10>          |Y<31>          |   11.931|
A<10>          |Z              |   12.215|
A<11>          |N              |    9.502|
A<11>          |V              |   10.451|
A<11>          |Y<0>           |   13.449|
A<11>          |Y<1>           |   11.111|
A<11>          |Y<2>           |   11.103|
A<11>          |Y<3>           |   11.333|
A<11>          |Y<4>           |   11.639|
A<11>          |Y<5>           |   12.437|
A<11>          |Y<6>           |   11.167|
A<11>          |Y<7>           |   12.593|
A<11>          |Y<8>           |   11.364|
A<11>          |Y<9>           |   11.339|
A<11>          |Y<10>          |   12.210|
A<11>          |Y<11>          |   13.206|
A<11>          |Y<12>          |   12.221|
A<11>          |Y<13>          |   12.798|
A<11>          |Y<14>          |   14.740|
A<11>          |Y<15>          |   12.556|
A<11>          |Y<16>          |   13.289|
A<11>          |Y<17>          |   14.354|
A<11>          |Y<18>          |   14.455|
A<11>          |Y<19>          |   12.454|
A<11>          |Y<20>          |   13.539|
A<11>          |Y<21>          |   13.014|
A<11>          |Y<22>          |   13.449|
A<11>          |Y<23>          |   12.048|
A<11>          |Y<24>          |   12.929|
A<11>          |Y<25>          |   12.918|
A<11>          |Y<26>          |   12.185|
A<11>          |Y<27>          |   11.928|
A<11>          |Y<28>          |   12.569|
A<11>          |Y<29>          |   12.854|
A<11>          |Y<30>          |   13.724|
A<11>          |Y<31>          |   12.139|
A<11>          |Z              |   11.858|
A<12>          |N              |    9.387|
A<12>          |V              |   10.336|
A<12>          |Y<0>           |   13.334|
A<12>          |Y<1>           |   11.155|
A<12>          |Y<2>           |   11.189|
A<12>          |Y<3>           |   10.879|
A<12>          |Y<4>           |   11.953|
A<12>          |Y<5>           |   12.481|
A<12>          |Y<6>           |   11.253|
A<12>          |Y<7>           |   12.139|
A<12>          |Y<8>           |   11.110|
A<12>          |Y<9>           |   11.383|
A<12>          |Y<10>          |   12.296|
A<12>          |Y<11>          |   12.752|
A<12>          |Y<12>          |   11.859|
A<12>          |Y<13>          |   11.834|
A<12>          |Y<14>          |   14.924|
A<12>          |Y<15>          |   12.103|
A<12>          |Y<16>          |   12.927|
A<12>          |Y<17>          |   13.390|
A<12>          |Y<18>          |   14.639|
A<12>          |Y<19>          |   12.313|
A<12>          |Y<20>          |   13.177|
A<12>          |Y<21>          |   12.050|
A<12>          |Y<22>          |   13.633|
A<12>          |Y<23>          |   11.329|
A<12>          |Y<24>          |   12.567|
A<12>          |Y<25>          |   11.954|
A<12>          |Y<26>          |   12.369|
A<12>          |Y<27>          |   11.655|
A<12>          |Y<28>          |   12.207|
A<12>          |Y<29>          |   11.890|
A<12>          |Y<30>          |   13.908|
A<12>          |Y<31>          |   11.686|
A<12>          |Z              |   11.743|
A<13>          |N              |    9.098|
A<13>          |V              |   10.047|
A<13>          |Y<0>           |   13.045|
A<13>          |Y<1>           |   13.294|
A<13>          |Y<2>           |   11.323|
A<13>          |Y<3>           |   11.599|
A<13>          |Y<4>           |   12.979|
A<13>          |Y<5>           |   13.699|
A<13>          |Y<6>           |   11.387|
A<13>          |Y<7>           |   12.859|
A<13>          |Y<8>           |   12.136|
A<13>          |Y<9>           |   12.461|
A<13>          |Y<10>          |   12.430|
A<13>          |Y<11>          |   13.472|
A<13>          |Y<12>          |   11.870|
A<13>          |Y<13>          |   12.703|
A<13>          |Y<14>          |   14.279|
A<13>          |Y<15>          |   12.343|
A<13>          |Y<16>          |   12.949|
A<13>          |Y<17>          |   12.914|
A<13>          |Y<18>          |   13.994|
A<13>          |Y<19>          |   12.553|
A<13>          |Y<20>          |   11.999|
A<13>          |Y<21>          |   11.574|
A<13>          |Y<22>          |   12.988|
A<13>          |Y<23>          |   11.330|
A<13>          |Y<24>          |   12.235|
A<13>          |Y<25>          |   11.478|
A<13>          |Y<26>          |   11.724|
A<13>          |Y<27>          |   11.571|
A<13>          |Y<28>          |   12.325|
A<13>          |Y<29>          |   11.414|
A<13>          |Y<30>          |   13.263|
A<13>          |Y<31>          |   11.926|
A<13>          |Z              |   11.454|
A<14>          |N              |    8.540|
A<14>          |V              |    9.489|
A<14>          |Y<0>           |   12.487|
A<14>          |Y<1>           |   12.263|
A<14>          |Y<2>           |   11.541|
A<14>          |Y<3>           |   10.449|
A<14>          |Y<4>           |   12.319|
A<14>          |Y<5>           |   12.668|
A<14>          |Y<6>           |   11.856|
A<14>          |Y<7>           |   11.709|
A<14>          |Y<8>           |   11.476|
A<14>          |Y<9>           |   11.430|
A<14>          |Y<10>          |   12.395|
A<14>          |Y<11>          |   12.322|
A<14>          |Y<12>          |   11.210|
A<14>          |Y<13>          |   11.672|
A<14>          |Y<14>          |   13.754|
A<14>          |Y<15>          |   12.302|
A<14>          |Y<16>          |   12.923|
A<14>          |Y<17>          |   13.107|
A<14>          |Y<18>          |   13.469|
A<14>          |Y<19>          |   12.512|
A<14>          |Y<20>          |   11.973|
A<14>          |Y<21>          |   11.533|
A<14>          |Y<22>          |   12.463|
A<14>          |Y<23>          |   11.289|
A<14>          |Y<24>          |   12.209|
A<14>          |Y<25>          |   11.801|
A<14>          |Y<26>          |   11.199|
A<14>          |Y<27>          |   11.530|
A<14>          |Y<28>          |   12.299|
A<14>          |Y<29>          |   11.233|
A<14>          |Y<30>          |   12.738|
A<14>          |Y<31>          |   11.885|
A<14>          |Z              |   10.896|
A<15>          |N              |    9.589|
A<15>          |V              |   10.538|
A<15>          |Y<0>           |   13.536|
A<15>          |Y<1>           |   12.032|
A<15>          |Y<2>           |   11.565|
A<15>          |Y<3>           |   10.705|
A<15>          |Y<4>           |   12.123|
A<15>          |Y<5>           |   12.437|
A<15>          |Y<6>           |   11.880|
A<15>          |Y<7>           |   12.039|
A<15>          |Y<8>           |   11.280|
A<15>          |Y<9>           |   11.199|
A<15>          |Y<10>          |   12.419|
A<15>          |Y<11>          |   12.508|
A<15>          |Y<12>          |   11.014|
A<15>          |Y<13>          |   11.441|
A<15>          |Y<14>          |   12.343|
A<15>          |Y<15>          |   12.973|
A<15>          |Y<16>          |   14.065|
A<15>          |Y<17>          |   13.629|
A<15>          |Y<18>          |   14.392|
A<15>          |Y<19>          |   13.183|
A<15>          |Y<20>          |   13.115|
A<15>          |Y<21>          |   12.055|
A<15>          |Y<22>          |   13.497|
A<15>          |Y<23>          |   11.960|
A<15>          |Y<24>          |   13.351|
A<15>          |Y<25>          |   12.323|
A<15>          |Y<26>          |   12.702|
A<15>          |Y<27>          |   12.201|
A<15>          |Y<28>          |   13.441|
A<15>          |Y<29>          |   11.755|
A<15>          |Y<30>          |   11.883|
A<15>          |Y<31>          |   12.556|
A<15>          |Z              |   11.945|
A<16>          |N              |    9.363|
A<16>          |V              |   10.312|
A<16>          |Y<0>           |   13.310|
A<16>          |Y<1>           |   12.078|
A<16>          |Y<2>           |   11.210|
A<16>          |Y<3>           |   10.619|
A<16>          |Y<4>           |   11.243|
A<16>          |Y<5>           |   12.483|
A<16>          |Y<6>           |   11.525|
A<16>          |Y<7>           |   11.953|
A<16>          |Y<8>           |   11.067|
A<16>          |Y<9>           |   11.245|
A<16>          |Y<10>          |   12.064|
A<16>          |Y<11>          |   12.422|
A<16>          |Y<12>          |   10.850|
A<16>          |Y<13>          |   11.487|
A<16>          |Y<14>          |   11.988|
A<16>          |Y<15>          |   12.400|
A<16>          |Y<16>          |   13.336|
A<16>          |Y<17>          |   13.295|
A<16>          |Y<18>          |   13.807|
A<16>          |Y<19>          |   13.391|
A<16>          |Y<20>          |   12.386|
A<16>          |Y<21>          |   11.721|
A<16>          |Y<22>          |   12.912|
A<16>          |Y<23>          |   12.444|
A<16>          |Y<24>          |   12.622|
A<16>          |Y<25>          |   11.989|
A<16>          |Y<26>          |   12.117|
A<16>          |Y<27>          |   11.911|
A<16>          |Y<28>          |   12.712|
A<16>          |Y<29>          |   11.421|
A<16>          |Y<30>          |   11.298|
A<16>          |Y<31>          |   11.148|
A<16>          |Z              |   11.719|
A<17>          |N              |    9.528|
A<17>          |V              |   10.477|
A<17>          |Y<0>           |   13.475|
A<17>          |Y<1>           |   12.110|
A<17>          |Y<2>           |   11.465|
A<17>          |Y<3>           |   11.081|
A<17>          |Y<4>           |   10.870|
A<17>          |Y<5>           |   13.283|
A<17>          |Y<6>           |   11.780|
A<17>          |Y<7>           |   12.415|
A<17>          |Y<8>           |   10.694|
A<17>          |Y<9>           |   10.961|
A<17>          |Y<10>          |   12.319|
A<17>          |Y<11>          |   12.884|
A<17>          |Y<12>          |   10.477|
A<17>          |Y<13>          |   11.472|
A<17>          |Y<14>          |   12.243|
A<17>          |Y<15>          |   12.862|
A<17>          |Y<16>          |   11.948|
A<17>          |Y<17>          |   12.843|
A<17>          |Y<18>          |   14.181|
A<17>          |Y<19>          |   12.936|
A<17>          |Y<20>          |   12.727|
A<17>          |Y<21>          |   11.578|
A<17>          |Y<22>          |   13.286|
A<17>          |Y<23>          |   11.989|
A<17>          |Y<24>          |   12.117|
A<17>          |Y<25>          |   11.537|
A<17>          |Y<26>          |   12.491|
A<17>          |Y<27>          |   11.796|
A<17>          |Y<28>          |   11.598|
A<17>          |Y<29>          |   10.969|
A<17>          |Y<30>          |   11.672|
A<17>          |Y<31>          |   11.297|
A<17>          |Z              |   11.884|
A<18>          |N              |    8.512|
A<18>          |V              |    9.461|
A<18>          |Y<0>           |   12.459|
A<18>          |Y<1>           |   11.986|
A<18>          |Y<2>           |   10.914|
A<18>          |Y<3>           |   10.593|
A<18>          |Y<4>           |   10.359|
A<18>          |Y<5>           |   13.159|
A<18>          |Y<6>           |   11.566|
A<18>          |Y<7>           |   11.927|
A<18>          |Y<8>           |   10.183|
A<18>          |Y<9>           |   10.837|
A<18>          |Y<10>          |   11.907|
A<18>          |Y<11>          |   12.396|
A<18>          |Y<12>          |    9.966|
A<18>          |Y<13>          |   11.348|
A<18>          |Y<14>          |   11.994|
A<18>          |Y<15>          |   12.374|
A<18>          |Y<16>          |   11.437|
A<18>          |Y<17>          |   12.695|
A<18>          |Y<18>          |   13.468|
A<18>          |Y<19>          |   12.837|
A<18>          |Y<20>          |   12.602|
A<18>          |Y<21>          |   11.991|
A<18>          |Y<22>          |   12.573|
A<18>          |Y<23>          |   11.890|
A<18>          |Y<24>          |   11.992|
A<18>          |Y<25>          |   12.073|
A<18>          |Y<26>          |   11.778|
A<18>          |Y<27>          |   11.357|
A<18>          |Y<28>          |   10.995|
A<18>          |Y<29>          |   10.999|
A<18>          |Y<30>          |   10.959|
A<18>          |Y<31>          |   10.594|
A<18>          |Z              |   10.868|
A<19>          |N              |    8.455|
A<19>          |V              |    9.404|
A<19>          |Y<0>           |   12.402|
A<19>          |Y<1>           |   11.819|
A<19>          |Y<2>           |   10.942|
A<19>          |Y<3>           |   12.807|
A<19>          |Y<4>           |   10.435|
A<19>          |Y<5>           |   12.992|
A<19>          |Y<6>           |   11.594|
A<19>          |Y<7>           |   12.720|
A<19>          |Y<8>           |   10.259|
A<19>          |Y<9>           |   10.670|
A<19>          |Y<10>          |   11.935|
A<19>          |Y<11>          |   13.330|
A<19>          |Y<12>          |   10.042|
A<19>          |Y<13>          |   11.181|
A<19>          |Y<14>          |   12.022|
A<19>          |Y<15>          |   13.442|
A<19>          |Y<16>          |   11.513|
A<19>          |Y<17>          |   12.528|
A<19>          |Y<18>          |   11.870|
A<19>          |Y<19>          |   13.251|
A<19>          |Y<20>          |   11.894|
A<19>          |Y<21>          |   11.597|
A<19>          |Y<22>          |   13.113|
A<19>          |Y<23>          |   11.888|
A<19>          |Y<24>          |   11.284|
A<19>          |Y<25>          |   11.679|
A<19>          |Y<26>          |   11.771|
A<19>          |Y<27>          |   11.355|
A<19>          |Y<28>          |   10.525|
A<19>          |Y<29>          |   10.605|
A<19>          |Y<30>          |   10.493|
A<19>          |Y<31>          |   10.592|
A<19>          |Z              |   10.811|
A<20>          |N              |    8.700|
A<20>          |V              |    9.649|
A<20>          |Y<0>           |   12.647|
A<20>          |Y<1>           |   12.045|
A<20>          |Y<2>           |   11.204|
A<20>          |Y<3>           |   11.905|
A<20>          |Y<4>           |   11.203|
A<20>          |Y<5>           |   13.218|
A<20>          |Y<6>           |   11.856|
A<20>          |Y<7>           |   11.818|
A<20>          |Y<8>           |   10.889|
A<20>          |Y<9>           |   10.896|
A<20>          |Y<10>          |   12.197|
A<20>          |Y<11>          |   12.428|
A<20>          |Y<12>          |   10.336|
A<20>          |Y<13>          |   11.407|
A<20>          |Y<14>          |   12.284|
A<20>          |Y<15>          |   12.540|
A<20>          |Y<16>          |   11.923|
A<20>          |Y<17>          |   12.754|
A<20>          |Y<18>          |   12.132|
A<20>          |Y<19>          |   12.349|
A<20>          |Y<20>          |   12.744|
A<20>          |Y<21>          |   11.630|
A<20>          |Y<22>          |   12.491|
A<20>          |Y<23>          |   12.307|
A<20>          |Y<24>          |   11.403|
A<20>          |Y<25>          |   11.712|
A<20>          |Y<26>          |   11.149|
A<20>          |Y<27>          |   11.664|
A<20>          |Y<28>          |   10.770|
A<20>          |Y<29>          |   10.638|
A<20>          |Y<30>          |   10.124|
A<20>          |Y<31>          |   11.023|
A<20>          |Z              |   11.056|
A<21>          |N              |    8.613|
A<21>          |V              |    9.562|
A<21>          |Y<0>           |   12.560|
A<21>          |Y<1>           |   12.835|
A<21>          |Y<2>           |   11.130|
A<21>          |Y<3>           |   12.267|
A<21>          |Y<4>           |   10.560|
A<21>          |Y<5>           |   13.871|
A<21>          |Y<6>           |   11.782|
A<21>          |Y<7>           |   12.180|
A<21>          |Y<8>           |   10.246|
A<21>          |Y<9>           |   11.459|
A<21>          |Y<10>          |   12.123|
A<21>          |Y<11>          |   12.790|
A<21>          |Y<12>          |    9.693|
A<21>          |Y<13>          |   11.711|
A<21>          |Y<14>          |   12.210|
A<21>          |Y<15>          |   12.902|
A<21>          |Y<16>          |   11.280|
A<21>          |Y<17>          |   13.544|
A<21>          |Y<18>          |   12.058|
A<21>          |Y<19>          |   12.711|
A<21>          |Y<20>          |   12.101|
A<21>          |Y<21>          |   13.647|
A<21>          |Y<22>          |   12.738|
A<21>          |Y<23>          |   12.808|
A<21>          |Y<24>          |   11.664|
A<21>          |Y<25>          |   11.681|
A<21>          |Y<26>          |   11.396|
A<21>          |Y<27>          |   12.165|
A<21>          |Y<28>          |   11.754|
A<21>          |Y<29>          |   10.607|
A<21>          |Y<30>          |   10.118|
A<21>          |Y<31>          |   11.524|
A<21>          |Z              |   10.969|
A<22>          |N              |    8.695|
A<22>          |V              |    9.644|
A<22>          |Y<0>           |   12.642|
A<22>          |Y<1>           |   12.755|
A<22>          |Y<2>           |   11.204|
A<22>          |Y<3>           |   12.538|
A<22>          |Y<4>           |   11.159|
A<22>          |Y<5>           |   13.791|
A<22>          |Y<6>           |   12.619|
A<22>          |Y<7>           |   12.451|
A<22>          |Y<8>           |   10.845|
A<22>          |Y<9>           |   11.379|
A<22>          |Y<10>          |   12.613|
A<22>          |Y<11>          |   13.061|
A<22>          |Y<12>          |   10.292|
A<22>          |Y<13>          |   11.631|
A<22>          |Y<14>          |   11.885|
A<22>          |Y<15>          |   13.173|
A<22>          |Y<16>          |   11.879|
A<22>          |Y<17>          |   13.464|
A<22>          |Y<18>          |   12.294|
A<22>          |Y<19>          |   12.982|
A<22>          |Y<20>          |   12.700|
A<22>          |Y<21>          |   13.567|
A<22>          |Y<22>          |   12.792|
A<22>          |Y<23>          |   12.641|
A<22>          |Y<24>          |   11.331|
A<22>          |Y<25>          |   11.366|
A<22>          |Y<26>          |   11.282|
A<22>          |Y<27>          |   11.998|
A<22>          |Y<28>          |   11.421|
A<22>          |Y<29>          |   10.798|
A<22>          |Y<30>          |   10.119|
A<22>          |Y<31>          |   11.357|
A<22>          |Z              |   11.051|
A<23>          |N              |    8.673|
A<23>          |V              |    9.622|
A<23>          |Y<0>           |   12.620|
A<23>          |Y<1>           |   13.113|
A<23>          |Y<2>           |   11.962|
A<23>          |Y<3>           |   12.599|
A<23>          |Y<4>           |   11.263|
A<23>          |Y<5>           |   14.149|
A<23>          |Y<6>           |   13.377|
A<23>          |Y<7>           |   12.820|
A<23>          |Y<8>           |   10.949|
A<23>          |Y<9>           |   11.737|
A<23>          |Y<10>          |   13.371|
A<23>          |Y<11>          |   12.796|
A<23>          |Y<12>          |   10.396|
A<23>          |Y<13>          |   11.989|
A<23>          |Y<14>          |   12.643|
A<23>          |Y<15>          |   13.082|
A<23>          |Y<16>          |   11.983|
A<23>          |Y<17>          |   13.822|
A<23>          |Y<18>          |   13.052|
A<23>          |Y<19>          |   13.257|
A<23>          |Y<20>          |   12.804|
A<23>          |Y<21>          |   13.925|
A<23>          |Y<22>          |   13.550|
A<23>          |Y<23>          |   12.972|
A<23>          |Y<24>          |   10.668|
A<23>          |Y<25>          |   11.294|
A<23>          |Y<26>          |   10.662|
A<23>          |Y<27>          |   11.773|
A<23>          |Y<28>          |   10.743|
A<23>          |Y<29>          |   10.726|
A<23>          |Y<30>          |   10.097|
A<23>          |Y<31>          |   11.132|
A<23>          |Z              |   11.029|
A<24>          |N              |    9.409|
A<24>          |V              |   10.358|
A<24>          |Y<0>           |   13.317|
A<24>          |Y<1>           |   12.706|
A<24>          |Y<2>           |   11.163|
A<24>          |Y<3>           |   12.815|
A<24>          |Y<4>           |   11.053|
A<24>          |Y<5>           |   13.742|
A<24>          |Y<6>           |   12.578|
A<24>          |Y<7>           |   13.036|
A<24>          |Y<8>           |   10.770|
A<24>          |Y<9>           |   11.330|
A<24>          |Y<10>          |   12.572|
A<24>          |Y<11>          |   13.012|
A<24>          |Y<12>          |   10.053|
A<24>          |Y<13>          |   11.582|
A<24>          |Y<14>          |   11.844|
A<24>          |Y<15>          |   13.298|
A<24>          |Y<16>          |   12.263|
A<24>          |Y<17>          |   13.415|
A<24>          |Y<18>          |   12.253|
A<24>          |Y<19>          |   13.473|
A<24>          |Y<20>          |   12.594|
A<24>          |Y<21>          |   13.518|
A<24>          |Y<22>          |   12.751|
A<24>          |Y<23>          |   13.188|
A<24>          |Y<24>          |   12.086|
A<24>          |Y<25>          |   11.663|
A<24>          |Y<26>          |   11.590|
A<24>          |Y<27>          |   11.930|
A<24>          |Y<28>          |   11.479|
A<24>          |Y<29>          |   11.095|
A<24>          |Y<30>          |   10.833|
A<24>          |Y<31>          |   11.178|
A<24>          |Z              |   11.726|
A<25>          |N              |    8.724|
A<25>          |V              |    9.673|
A<25>          |Y<0>           |   12.636|
A<25>          |Y<1>           |   12.449|
A<25>          |Y<2>           |   11.428|
A<25>          |Y<3>           |   13.241|
A<25>          |Y<4>           |   11.077|
A<25>          |Y<5>           |   12.460|
A<25>          |Y<6>           |   12.843|
A<25>          |Y<7>           |   13.462|
A<25>          |Y<8>           |   10.794|
A<25>          |Y<9>           |   12.561|
A<25>          |Y<10>          |   12.837|
A<25>          |Y<11>          |   13.438|
A<25>          |Y<12>          |   10.077|
A<25>          |Y<13>          |   12.556|
A<25>          |Y<14>          |   12.109|
A<25>          |Y<15>          |   13.724|
A<25>          |Y<16>          |   12.287|
A<25>          |Y<17>          |   13.018|
A<25>          |Y<18>          |   12.518|
A<25>          |Y<19>          |   13.899|
A<25>          |Y<20>          |   12.618|
A<25>          |Y<21>          |   12.419|
A<25>          |Y<22>          |   13.016|
A<25>          |Y<23>          |   13.614|
A<25>          |Y<24>          |   12.110|
A<25>          |Y<25>          |   12.667|
A<25>          |Y<26>          |   11.502|
A<25>          |Y<27>          |   12.211|
A<25>          |Y<28>          |   10.794|
A<25>          |Y<29>          |   10.896|
A<25>          |Y<30>          |   10.683|
A<25>          |Y<31>          |   11.448|
A<25>          |Z              |   11.045|
A<26>          |N              |    8.809|
A<26>          |V              |    9.758|
A<26>          |Y<0>           |   12.725|
A<26>          |Y<1>           |   12.048|
A<26>          |Y<2>           |   12.762|
A<26>          |Y<3>           |   12.539|
A<26>          |Y<4>           |   11.394|
A<26>          |Y<5>           |   12.059|
A<26>          |Y<6>           |   13.443|
A<26>          |Y<7>           |   12.760|
A<26>          |Y<8>           |   11.111|
A<26>          |Y<9>           |   12.160|
A<26>          |Y<10>          |   13.745|
A<26>          |Y<11>          |   12.736|
A<26>          |Y<12>          |   10.394|
A<26>          |Y<13>          |   12.155|
A<26>          |Y<14>          |   13.520|
A<26>          |Y<15>          |   13.022|
A<26>          |Y<16>          |   12.604|
A<26>          |Y<17>          |   12.617|
A<26>          |Y<18>          |   13.553|
A<26>          |Y<19>          |   13.197|
A<26>          |Y<20>          |   12.935|
A<26>          |Y<21>          |   12.018|
A<26>          |Y<22>          |   13.571|
A<26>          |Y<23>          |   12.912|
A<26>          |Y<24>          |   12.427|
A<26>          |Y<25>          |   12.266|
A<26>          |Y<26>          |   13.221|
A<26>          |Y<27>          |   11.880|
A<26>          |Y<28>          |   10.988|
A<26>          |Y<29>          |   11.462|
A<26>          |Y<30>          |   10.515|
A<26>          |Y<31>          |   11.117|
A<26>          |Z              |   11.134|
A<27>          |N              |    8.814|
A<27>          |V              |    9.763|
A<27>          |Y<0>           |   12.667|
A<27>          |Y<1>           |   13.250|
A<27>          |Y<2>           |   12.511|
A<27>          |Y<3>           |   13.586|
A<27>          |Y<4>           |   10.940|
A<27>          |Y<5>           |   13.261|
A<27>          |Y<6>           |   13.192|
A<27>          |Y<7>           |   15.075|
A<27>          |Y<8>           |   10.657|
A<27>          |Y<9>           |   13.362|
A<27>          |Y<10>          |   13.494|
A<27>          |Y<11>          |   13.609|
A<27>          |Y<12>          |    9.940|
A<27>          |Y<13>          |   13.357|
A<27>          |Y<14>          |   13.269|
A<27>          |Y<15>          |   14.484|
A<27>          |Y<16>          |   12.150|
A<27>          |Y<17>          |   13.819|
A<27>          |Y<18>          |   13.302|
A<27>          |Y<19>          |   14.299|
A<27>          |Y<20>          |   12.481|
A<27>          |Y<21>          |   13.220|
A<27>          |Y<22>          |   13.320|
A<27>          |Y<23>          |   14.374|
A<27>          |Y<24>          |   11.973|
A<27>          |Y<25>          |   13.468|
A<27>          |Y<26>          |   12.970|
A<27>          |Y<27>          |   14.672|
A<27>          |Y<28>          |   10.884|
A<27>          |Y<29>          |   13.150|
A<27>          |Y<30>          |   13.333|
A<27>          |Y<31>          |   11.507|
A<27>          |Z              |   11.076|
A<28>          |N              |    8.673|
A<28>          |V              |    9.622|
A<28>          |Y<0>           |   12.235|
A<28>          |Y<1>           |   12.188|
A<28>          |Y<2>           |   12.221|
A<28>          |Y<3>           |   12.694|
A<28>          |Y<4>           |   11.627|
A<28>          |Y<5>           |   12.199|
A<28>          |Y<6>           |   12.902|
A<28>          |Y<7>           |   14.183|
A<28>          |Y<8>           |   11.344|
A<28>          |Y<9>           |   12.300|
A<28>          |Y<10>          |   13.204|
A<28>          |Y<11>          |   12.717|
A<28>          |Y<12>          |   11.050|
A<28>          |Y<13>          |   12.295|
A<28>          |Y<14>          |   12.979|
A<28>          |Y<15>          |   13.592|
A<28>          |Y<16>          |   12.837|
A<28>          |Y<17>          |   12.757|
A<28>          |Y<18>          |   13.012|
A<28>          |Y<19>          |   13.407|
A<28>          |Y<20>          |   13.168|
A<28>          |Y<21>          |   12.158|
A<28>          |Y<22>          |   13.030|
A<28>          |Y<23>          |   13.482|
A<28>          |Y<24>          |   12.660|
A<28>          |Y<25>          |   12.406|
A<28>          |Y<26>          |   12.680|
A<28>          |Y<27>          |   13.780|
A<28>          |Y<28>          |   11.866|
A<28>          |Y<29>          |   11.790|
A<28>          |Y<30>          |   11.675|
A<28>          |Y<31>          |   11.591|
A<28>          |Z              |   10.644|
A<29>          |N              |    8.716|
A<29>          |V              |    9.665|
A<29>          |Y<0>           |   12.262|
A<29>          |Y<1>           |   12.354|
A<29>          |Y<2>           |   12.402|
A<29>          |Y<3>           |   12.608|
A<29>          |Y<4>           |   10.877|
A<29>          |Y<5>           |   12.365|
A<29>          |Y<6>           |   13.083|
A<29>          |Y<7>           |   14.097|
A<29>          |Y<8>           |   10.594|
A<29>          |Y<9>           |   12.887|
A<29>          |Y<10>          |   13.385|
A<29>          |Y<11>          |   12.631|
A<29>          |Y<12>          |   10.300|
A<29>          |Y<13>          |   13.705|
A<29>          |Y<14>          |   13.160|
A<29>          |Y<15>          |   13.506|
A<29>          |Y<16>          |   12.087|
A<29>          |Y<17>          |   12.923|
A<29>          |Y<18>          |   13.193|
A<29>          |Y<19>          |   13.321|
A<29>          |Y<20>          |   12.418|
A<29>          |Y<21>          |   12.439|
A<29>          |Y<22>          |   13.211|
A<29>          |Y<23>          |   13.396|
A<29>          |Y<24>          |   11.910|
A<29>          |Y<25>          |   13.456|
A<29>          |Y<26>          |   12.861|
A<29>          |Y<27>          |   13.694|
A<29>          |Y<28>          |   11.116|
A<29>          |Y<29>          |   13.140|
A<29>          |Y<30>          |   13.323|
A<29>          |Y<31>          |   12.099|
A<29>          |Z              |   10.671|
A<30>          |N              |    8.649|
A<30>          |V              |    9.598|
A<30>          |Y<0>           |   12.218|
A<30>          |Y<1>           |   12.770|
A<30>          |Y<2>           |   12.380|
A<30>          |Y<3>           |   13.613|
A<30>          |Y<4>           |   11.009|
A<30>          |Y<5>           |   12.781|
A<30>          |Y<6>           |   12.298|
A<30>          |Y<7>           |   15.102|
A<30>          |Y<8>           |   10.726|
A<30>          |Y<9>           |   13.303|
A<30>          |Y<10>          |   13.363|
A<30>          |Y<11>          |   13.636|
A<30>          |Y<12>          |   10.432|
A<30>          |Y<13>          |   14.121|
A<30>          |Y<14>          |   13.968|
A<30>          |Y<15>          |   14.511|
A<30>          |Y<16>          |   12.219|
A<30>          |Y<17>          |   13.339|
A<30>          |Y<18>          |   13.204|
A<30>          |Y<19>          |   14.326|
A<30>          |Y<20>          |   12.550|
A<30>          |Y<21>          |   12.855|
A<30>          |Y<22>          |   12.217|
A<30>          |Y<23>          |   14.401|
A<30>          |Y<24>          |   12.042|
A<30>          |Y<25>          |   13.872|
A<30>          |Y<26>          |   12.839|
A<30>          |Y<27>          |   14.699|
A<30>          |Y<28>          |   11.248|
A<30>          |Y<29>          |   12.320|
A<30>          |Y<30>          |   12.391|
A<30>          |Y<31>          |   11.154|
A<30>          |Z              |   10.627|
A<31>          |N              |    8.245|
A<31>          |V              |    9.194|
A<31>          |Y<0>           |   11.724|
A<31>          |Y<1>           |   11.655|
A<31>          |Y<2>           |   12.001|
A<31>          |Y<3>           |   12.911|
A<31>          |Y<4>           |   11.716|
A<31>          |Y<5>           |   11.666|
A<31>          |Y<6>           |   11.780|
A<31>          |Y<7>           |   11.579|
A<31>          |Y<8>           |   11.433|
A<31>          |Y<9>           |   12.188|
A<31>          |Y<10>          |   12.984|
A<31>          |Y<11>          |   12.934|
A<31>          |Y<12>          |   11.139|
A<31>          |Y<13>          |   13.006|
A<31>          |Y<14>          |   13.450|
A<31>          |Y<15>          |   14.170|
A<31>          |Y<16>          |   12.926|
A<31>          |Y<17>          |   12.224|
A<31>          |Y<18>          |   12.792|
A<31>          |Y<19>          |   13.624|
A<31>          |Y<20>          |   13.257|
A<31>          |Y<21>          |   12.692|
A<31>          |Y<22>          |   12.393|
A<31>          |Y<23>          |   12.596|
A<31>          |Y<24>          |   12.749|
A<31>          |Y<25>          |   12.757|
A<31>          |Y<26>          |   12.748|
A<31>          |Y<27>          |   12.665|
A<31>          |Y<28>          |   11.955|
A<31>          |Y<29>          |   11.205|
A<31>          |Y<30>          |   11.873|
A<31>          |Y<31>          |   12.794|
A<31>          |Z              |   10.133|
B<0>           |N              |   10.594|
B<0>           |V              |   11.543|
B<0>           |Y<0>           |   14.541|
B<0>           |Y<1>           |   15.579|
B<0>           |Y<2>           |   14.687|
B<0>           |Y<3>           |   14.213|
B<0>           |Y<4>           |   15.551|
B<0>           |Y<5>           |   15.984|
B<0>           |Y<6>           |   15.169|
B<0>           |Y<7>           |   15.079|
B<0>           |Y<8>           |   15.276|
B<0>           |Y<9>           |   13.779|
B<0>           |Y<10>          |   15.163|
B<0>           |Y<11>          |   14.442|
B<0>           |Y<12>          |   13.505|
B<0>           |Y<13>          |   13.967|
B<0>           |Y<14>          |   14.458|
B<0>           |Y<15>          |   14.488|
B<0>           |Y<16>          |   14.833|
B<0>           |Y<17>          |   15.004|
B<0>           |Y<18>          |   14.844|
B<0>           |Y<19>          |   14.303|
B<0>           |Y<20>          |   15.200|
B<0>           |Y<21>          |   15.104|
B<0>           |Y<22>          |   15.342|
B<0>           |Y<23>          |   14.378|
B<0>           |Y<24>          |   14.656|
B<0>           |Y<25>          |   13.718|
B<0>           |Y<26>          |   14.248|
B<0>           |Y<27>          |   14.676|
B<0>           |Y<28>          |   13.853|
B<0>           |Y<29>          |   13.613|
B<0>           |Y<30>          |   13.442|
B<0>           |Y<31>          |   14.060|
B<0>           |Z              |   12.950|
B<1>           |N              |   11.688|
B<1>           |V              |   12.637|
B<1>           |Y<0>           |   15.635|
B<1>           |Y<1>           |   16.452|
B<1>           |Y<2>           |   15.983|
B<1>           |Y<3>           |   15.312|
B<1>           |Y<4>           |   16.434|
B<1>           |Y<5>           |   16.857|
B<1>           |Y<6>           |   16.298|
B<1>           |Y<7>           |   16.801|
B<1>           |Y<8>           |   16.525|
B<1>           |Y<9>           |   15.560|
B<1>           |Y<10>          |   15.811|
B<1>           |Y<11>          |   16.574|
B<1>           |Y<12>          |   15.723|
B<1>           |Y<13>          |   15.742|
B<1>           |Y<14>          |   16.477|
B<1>           |Y<15>          |   16.331|
B<1>           |Y<16>          |   16.880|
B<1>           |Y<17>          |   16.121|
B<1>           |Y<18>          |   15.163|
B<1>           |Y<19>          |   16.025|
B<1>           |Y<20>          |   17.211|
B<1>           |Y<21>          |   16.224|
B<1>           |Y<22>          |   15.450|
B<1>           |Y<23>          |   16.100|
B<1>           |Y<24>          |   16.703|
B<1>           |Y<25>          |   14.604|
B<1>           |Y<26>          |   16.267|
B<1>           |Y<27>          |   16.398|
B<1>           |Y<28>          |   16.071|
B<1>           |Y<29>          |   15.394|
B<1>           |Y<30>          |   15.461|
B<1>           |Y<31>          |   15.914|
B<1>           |Z              |   14.044|
B<2>           |N              |   12.233|
B<2>           |V              |   13.182|
B<2>           |Y<0>           |   16.180|
B<2>           |Y<1>           |   14.050|
B<2>           |Y<2>           |   14.183|
B<2>           |Y<3>           |   15.544|
B<2>           |Y<4>           |   14.680|
B<2>           |Y<5>           |   16.206|
B<2>           |Y<6>           |   14.747|
B<2>           |Y<7>           |   14.813|
B<2>           |Y<8>           |   14.218|
B<2>           |Y<9>           |   14.379|
B<2>           |Y<10>          |   15.212|
B<2>           |Y<11>          |   15.567|
B<2>           |Y<12>          |   13.775|
B<2>           |Y<13>          |   15.266|
B<2>           |Y<14>          |   15.808|
B<2>           |Y<15>          |   15.274|
B<2>           |Y<16>          |   14.631|
B<2>           |Y<17>          |   15.303|
B<2>           |Y<18>          |   15.079|
B<2>           |Y<19>          |   16.257|
B<2>           |Y<20>          |   14.962|
B<2>           |Y<21>          |   14.688|
B<2>           |Y<22>          |   14.577|
B<2>           |Y<23>          |   14.892|
B<2>           |Y<24>          |   14.454|
B<2>           |Y<25>          |   14.221|
B<2>           |Y<26>          |   15.598|
B<2>           |Y<27>          |   15.298|
B<2>           |Y<28>          |   14.303|
B<2>           |Y<29>          |   15.322|
B<2>           |Y<30>          |   14.792|
B<2>           |Y<31>          |   14.857|
B<2>           |Z              |   14.589|
B<3>           |N              |   12.180|
B<3>           |V              |   13.129|
B<3>           |Y<0>           |   16.127|
B<3>           |Y<1>           |   15.033|
B<3>           |Y<2>           |   14.670|
B<3>           |Y<3>           |   14.239|
B<3>           |Y<4>           |   15.499|
B<3>           |Y<5>           |   15.438|
B<3>           |Y<6>           |   14.985|
B<3>           |Y<7>           |   15.059|
B<3>           |Y<8>           |   13.764|
B<3>           |Y<9>           |   14.042|
B<3>           |Y<10>          |   14.402|
B<3>           |Y<11>          |   15.205|
B<3>           |Y<12>          |   13.722|
B<3>           |Y<13>          |   14.209|
B<3>           |Y<14>          |   14.537|
B<3>           |Y<15>          |   15.013|
B<3>           |Y<16>          |   14.290|
B<3>           |Y<17>          |   15.250|
B<3>           |Y<18>          |   14.337|
B<3>           |Y<19>          |   15.241|
B<3>           |Y<20>          |   14.798|
B<3>           |Y<21>          |   14.920|
B<3>           |Y<22>          |   14.449|
B<3>           |Y<23>          |   14.619|
B<3>           |Y<24>          |   14.175|
B<3>           |Y<25>          |   14.168|
B<3>           |Y<26>          |   15.227|
B<3>           |Y<27>          |   14.605|
B<3>           |Y<28>          |   14.250|
B<3>           |Y<29>          |   13.377|
B<3>           |Y<30>          |   13.604|
B<3>           |Y<31>          |   14.596|
B<3>           |Z              |   14.536|
B<4>           |N              |   10.345|
B<4>           |V              |   11.294|
B<4>           |Y<0>           |   14.292|
B<4>           |Y<1>           |   10.910|
B<4>           |Y<2>           |   10.259|
B<4>           |Y<3>           |   12.011|
B<4>           |Y<4>           |   12.731|
B<4>           |Y<5>           |   12.168|
B<4>           |Y<6>           |   12.177|
B<4>           |Y<7>           |   12.691|
B<4>           |Y<8>           |   11.929|
B<4>           |Y<9>           |   12.207|
B<4>           |Y<10>          |   12.368|
B<4>           |Y<11>          |   12.456|
B<4>           |Y<12>          |   11.887|
B<4>           |Y<13>          |   12.374|
B<4>           |Y<14>          |   12.276|
B<4>           |Y<15>          |   14.278|
B<4>           |Y<16>          |   12.455|
B<4>           |Y<17>          |   13.415|
B<4>           |Y<18>          |   12.283|
B<4>           |Y<19>          |   12.381|
B<4>           |Y<20>          |   12.570|
B<4>           |Y<21>          |   13.122|
B<4>           |Y<22>          |   12.817|
B<4>           |Y<23>          |   12.821|
B<4>           |Y<24>          |   12.340|
B<4>           |Y<25>          |   12.333|
B<4>           |Y<26>          |   12.879|
B<4>           |Y<27>          |   12.613|
B<4>           |Y<28>          |   12.415|
B<4>           |Y<29>          |   11.542|
B<4>           |Y<30>          |   11.769|
B<4>           |Y<31>          |   12.114|
B<4>           |Z              |   12.701|
B<5>           |N              |    9.986|
B<5>           |V              |   10.935|
B<5>           |Y<0>           |   13.933|
B<5>           |Y<5>           |   11.745|
B<5>           |Y<6>           |   11.806|
B<5>           |Y<7>           |   12.336|
B<5>           |Y<8>           |   11.570|
B<5>           |Y<9>           |   11.848|
B<5>           |Y<10>          |   11.920|
B<5>           |Y<11>          |   12.024|
B<5>           |Y<12>          |   11.528|
B<5>           |Y<13>          |   12.015|
B<5>           |Y<14>          |   11.917|
B<5>           |Y<15>          |   12.389|
B<5>           |Y<16>          |   12.096|
B<5>           |Y<17>          |   13.056|
B<5>           |Y<18>          |   11.924|
B<5>           |Y<19>          |   12.022|
B<5>           |Y<20>          |   12.153|
B<5>           |Y<21>          |   12.036|
B<5>           |Y<22>          |   11.939|
B<5>           |Y<23>          |   11.928|
B<5>           |Y<24>          |   11.981|
B<5>           |Y<25>          |   11.974|
B<5>           |Y<26>          |   11.756|
B<5>           |Y<27>          |   12.254|
B<5>           |Y<28>          |   12.056|
B<5>           |Y<29>          |   11.183|
B<5>           |Y<30>          |   11.410|
B<5>           |Y<31>          |   11.755|
B<5>           |Z              |   12.342|
B<6>           |N              |    9.527|
B<6>           |V              |   10.476|
B<6>           |Y<0>           |   13.474|
B<6>           |Y<6>           |   11.337|
B<6>           |Y<7>           |   11.844|
B<6>           |Y<8>           |   11.111|
B<6>           |Y<9>           |   11.389|
B<6>           |Y<10>          |   11.461|
B<6>           |Y<11>          |   11.565|
B<6>           |Y<12>          |   11.069|
B<6>           |Y<13>          |   11.556|
B<6>           |Y<14>          |   11.458|
B<6>           |Y<15>          |   11.930|
B<6>           |Y<16>          |   11.637|
B<6>           |Y<17>          |   12.597|
B<6>           |Y<18>          |   11.465|
B<6>           |Y<19>          |   11.563|
B<6>           |Y<20>          |   11.694|
B<6>           |Y<21>          |   11.577|
B<6>           |Y<22>          |   11.480|
B<6>           |Y<23>          |   11.469|
B<6>           |Y<24>          |   11.522|
B<6>           |Y<25>          |   11.515|
B<6>           |Y<26>          |   11.297|
B<6>           |Y<27>          |   11.795|
B<6>           |Y<28>          |   11.597|
B<6>           |Y<29>          |   10.724|
B<6>           |Y<30>          |   10.951|
B<6>           |Y<31>          |   11.296|
B<6>           |Z              |   11.883|
B<7>           |N              |    9.698|
B<7>           |V              |   10.647|
B<7>           |Y<0>           |   13.645|
B<7>           |Y<7>           |   11.989|
B<7>           |Y<8>           |   11.282|
B<7>           |Y<9>           |   11.560|
B<7>           |Y<10>          |   11.632|
B<7>           |Y<11>          |   11.736|
B<7>           |Y<12>          |   11.240|
B<7>           |Y<13>          |   11.727|
B<7>           |Y<14>          |   11.629|
B<7>           |Y<15>          |   12.101|
B<7>           |Y<16>          |   11.808|
B<7>           |Y<17>          |   12.768|
B<7>           |Y<18>          |   11.636|
B<7>           |Y<19>          |   11.734|
B<7>           |Y<20>          |   11.865|
B<7>           |Y<21>          |   11.748|
B<7>           |Y<22>          |   11.651|
B<7>           |Y<23>          |   11.640|
B<7>           |Y<24>          |   11.693|
B<7>           |Y<25>          |   11.686|
B<7>           |Y<26>          |   11.468|
B<7>           |Y<27>          |   11.966|
B<7>           |Y<28>          |   11.768|
B<7>           |Y<29>          |   10.895|
B<7>           |Y<30>          |   11.122|
B<7>           |Y<31>          |   11.467|
B<7>           |Z              |   12.054|
B<8>           |N              |    9.640|
B<8>           |V              |   10.589|
B<8>           |Y<0>           |   13.587|
B<8>           |Y<8>           |   11.089|
B<8>           |Y<9>           |   11.346|
B<8>           |Y<10>          |   11.547|
B<8>           |Y<11>          |   11.639|
B<8>           |Y<12>          |   11.182|
B<8>           |Y<13>          |   11.669|
B<8>           |Y<14>          |   11.571|
B<8>           |Y<15>          |   12.043|
B<8>           |Y<16>          |   11.750|
B<8>           |Y<17>          |   12.710|
B<8>           |Y<18>          |   11.578|
B<8>           |Y<19>          |   11.676|
B<8>           |Y<20>          |   11.807|
B<8>           |Y<21>          |   11.690|
B<8>           |Y<22>          |   11.593|
B<8>           |Y<23>          |   11.582|
B<8>           |Y<24>          |   11.635|
B<8>           |Y<25>          |   11.628|
B<8>           |Y<26>          |   11.410|
B<8>           |Y<27>          |   11.908|
B<8>           |Y<28>          |   11.710|
B<8>           |Y<29>          |   10.837|
B<8>           |Y<30>          |   11.064|
B<8>           |Y<31>          |   11.409|
B<8>           |Z              |   11.996|
B<9>           |N              |    9.551|
B<9>           |V              |   10.500|
B<9>           |Y<0>           |   13.498|
B<9>           |Y<9>           |   11.193|
B<9>           |Y<10>          |   11.446|
B<9>           |Y<11>          |   11.554|
B<9>           |Y<12>          |   11.093|
B<9>           |Y<13>          |   11.580|
B<9>           |Y<14>          |   11.482|
B<9>           |Y<15>          |   11.954|
B<9>           |Y<16>          |   11.661|
B<9>           |Y<17>          |   12.621|
B<9>           |Y<18>          |   11.489|
B<9>           |Y<19>          |   11.587|
B<9>           |Y<20>          |   11.718|
B<9>           |Y<21>          |   11.601|
B<9>           |Y<22>          |   11.504|
B<9>           |Y<23>          |   11.493|
B<9>           |Y<24>          |   11.546|
B<9>           |Y<25>          |   11.539|
B<9>           |Y<26>          |   11.321|
B<9>           |Y<27>          |   11.819|
B<9>           |Y<28>          |   11.621|
B<9>           |Y<29>          |   10.748|
B<9>           |Y<30>          |   10.975|
B<9>           |Y<31>          |   11.320|
B<9>           |Z              |   11.907|
B<10>          |N              |    9.504|
B<10>          |V              |   10.453|
B<10>          |Y<0>           |   13.451|
B<10>          |Y<10>          |   11.389|
B<10>          |Y<11>          |   11.474|
B<10>          |Y<12>          |   11.046|
B<10>          |Y<13>          |   11.533|
B<10>          |Y<14>          |   11.435|
B<10>          |Y<15>          |   11.907|
B<10>          |Y<16>          |   11.614|
B<10>          |Y<17>          |   12.574|
B<10>          |Y<18>          |   11.442|
B<10>          |Y<19>          |   11.540|
B<10>          |Y<20>          |   11.671|
B<10>          |Y<21>          |   11.554|
B<10>          |Y<22>          |   11.457|
B<10>          |Y<23>          |   11.446|
B<10>          |Y<24>          |   11.499|
B<10>          |Y<25>          |   11.492|
B<10>          |Y<26>          |   11.274|
B<10>          |Y<27>          |   11.772|
B<10>          |Y<28>          |   11.574|
B<10>          |Y<29>          |   10.701|
B<10>          |Y<30>          |   10.928|
B<10>          |Y<31>          |   11.273|
B<10>          |Z              |   11.860|
B<11>          |N              |    9.020|
B<11>          |V              |    9.969|
B<11>          |Y<0>           |   12.967|
B<11>          |Y<11>          |   10.964|
B<11>          |Y<12>          |   10.562|
B<11>          |Y<13>          |   11.049|
B<11>          |Y<14>          |   10.951|
B<11>          |Y<15>          |   11.423|
B<11>          |Y<16>          |   11.130|
B<11>          |Y<17>          |   12.090|
B<11>          |Y<18>          |   10.958|
B<11>          |Y<19>          |   11.056|
B<11>          |Y<20>          |   11.187|
B<11>          |Y<21>          |   11.070|
B<11>          |Y<22>          |   10.973|
B<11>          |Y<23>          |   10.962|
B<11>          |Y<24>          |   11.015|
B<11>          |Y<25>          |   11.008|
B<11>          |Y<26>          |   10.790|
B<11>          |Y<27>          |   11.288|
B<11>          |Y<28>          |   11.090|
B<11>          |Y<29>          |   10.217|
B<11>          |Y<30>          |   10.444|
B<11>          |Y<31>          |   10.789|
B<11>          |Z              |   11.376|
B<12>          |N              |    9.020|
B<12>          |V              |    9.969|
B<12>          |Y<0>           |   12.967|
B<12>          |Y<12>          |   10.427|
B<12>          |Y<13>          |   10.893|
B<12>          |Y<14>          |   10.924|
B<12>          |Y<15>          |   11.384|
B<12>          |Y<16>          |   11.130|
B<12>          |Y<17>          |   12.090|
B<12>          |Y<18>          |   10.958|
B<12>          |Y<19>          |   11.056|
B<12>          |Y<20>          |   11.187|
B<12>          |Y<21>          |   11.070|
B<12>          |Y<22>          |   10.973|
B<12>          |Y<23>          |   10.962|
B<12>          |Y<24>          |   11.015|
B<12>          |Y<25>          |   11.008|
B<12>          |Y<26>          |   10.790|
B<12>          |Y<27>          |   11.288|
B<12>          |Y<28>          |   11.090|
B<12>          |Y<29>          |   10.217|
B<12>          |Y<30>          |   10.444|
B<12>          |Y<31>          |   10.789|
B<12>          |Z              |   11.376|
B<13>          |N              |    9.212|
B<13>          |V              |   10.161|
B<13>          |Y<0>           |   13.159|
B<13>          |Y<13>          |   11.021|
B<13>          |Y<14>          |   11.104|
B<13>          |Y<15>          |   11.580|
B<13>          |Y<16>          |   11.322|
B<13>          |Y<17>          |   12.282|
B<13>          |Y<18>          |   11.150|
B<13>          |Y<19>          |   11.248|
B<13>          |Y<20>          |   11.379|
B<13>          |Y<21>          |   11.262|
B<13>          |Y<22>          |   11.165|
B<13>          |Y<23>          |   11.154|
B<13>          |Y<24>          |   11.207|
B<13>          |Y<25>          |   11.200|
B<13>          |Y<26>          |   10.982|
B<13>          |Y<27>          |   11.480|
B<13>          |Y<28>          |   11.282|
B<13>          |Y<29>          |   10.409|
B<13>          |Y<30>          |   10.636|
B<13>          |Y<31>          |   10.981|
B<13>          |Z              |   11.568|
B<14>          |N              |    8.693|
B<14>          |V              |    9.642|
B<14>          |Y<0>           |   12.640|
B<14>          |Y<14>          |   10.575|
B<14>          |Y<15>          |   11.028|
B<14>          |Y<16>          |   10.803|
B<14>          |Y<17>          |   11.763|
B<14>          |Y<18>          |   10.631|
B<14>          |Y<19>          |   10.729|
B<14>          |Y<20>          |   10.860|
B<14>          |Y<21>          |   10.743|
B<14>          |Y<22>          |   10.646|
B<14>          |Y<23>          |   10.635|
B<14>          |Y<24>          |   10.688|
B<14>          |Y<25>          |   10.681|
B<14>          |Y<26>          |   10.463|
B<14>          |Y<27>          |   10.961|
B<14>          |Y<28>          |   10.763|
B<14>          |Y<29>          |    9.890|
B<14>          |Y<30>          |   10.117|
B<14>          |Y<31>          |   10.462|
B<14>          |Z              |   11.049|
B<15>          |N              |    9.104|
B<15>          |V              |   10.053|
B<15>          |Y<0>           |   13.051|
B<15>          |Y<15>          |   11.413|
B<15>          |Y<16>          |   11.214|
B<15>          |Y<17>          |   12.174|
B<15>          |Y<18>          |   11.042|
B<15>          |Y<19>          |   11.140|
B<15>          |Y<20>          |   11.271|
B<15>          |Y<21>          |   11.154|
B<15>          |Y<22>          |   11.057|
B<15>          |Y<23>          |   11.046|
B<15>          |Y<24>          |   11.099|
B<15>          |Y<25>          |   11.092|
B<15>          |Y<26>          |   10.874|
B<15>          |Y<27>          |   11.372|
B<15>          |Y<28>          |   11.174|
B<15>          |Y<29>          |   10.301|
B<15>          |Y<30>          |   10.528|
B<15>          |Y<31>          |   10.873|
B<15>          |Z              |   11.460|
B<16>          |N              |    8.928|
B<16>          |V              |    9.877|
B<16>          |Y<0>           |   12.875|
B<16>          |Y<16>          |   11.196|
B<16>          |Y<17>          |   11.842|
B<16>          |Y<18>          |   10.839|
B<16>          |Y<19>          |   10.925|
B<16>          |Y<20>          |   11.095|
B<16>          |Y<21>          |   10.978|
B<16>          |Y<22>          |   10.881|
B<16>          |Y<23>          |   10.870|
B<16>          |Y<24>          |   10.923|
B<16>          |Y<25>          |   10.916|
B<16>          |Y<26>          |   10.698|
B<16>          |Y<27>          |   11.196|
B<16>          |Y<28>          |   10.998|
B<16>          |Y<29>          |   10.125|
B<16>          |Y<30>          |   10.352|
B<16>          |Y<31>          |   10.697|
B<16>          |Z              |   11.284|
B<17>          |N              |    8.948|
B<17>          |V              |    9.897|
B<17>          |Y<0>           |   12.895|
B<17>          |Y<17>          |   11.798|
B<17>          |Y<18>          |   10.847|
B<17>          |Y<19>          |   10.949|
B<17>          |Y<20>          |   11.115|
B<17>          |Y<21>          |   10.998|
B<17>          |Y<22>          |   10.901|
B<17>          |Y<23>          |   10.890|
B<17>          |Y<24>          |   10.943|
B<17>          |Y<25>          |   10.936|
B<17>          |Y<26>          |   10.718|
B<17>          |Y<27>          |   11.216|
B<17>          |Y<28>          |   11.018|
B<17>          |Y<29>          |   10.145|
B<17>          |Y<30>          |   10.372|
B<17>          |Y<31>          |   10.717|
B<17>          |Z              |   11.304|
B<18>          |N              |    8.393|
B<18>          |V              |    9.342|
B<18>          |Y<0>           |   12.340|
B<18>          |Y<18>          |   10.720|
B<18>          |Y<19>          |   10.361|
B<18>          |Y<20>          |   10.560|
B<18>          |Y<21>          |   10.443|
B<18>          |Y<22>          |   10.346|
B<18>          |Y<23>          |   10.335|
B<18>          |Y<24>          |   10.388|
B<18>          |Y<25>          |   10.381|
B<18>          |Y<26>          |   10.163|
B<18>          |Y<27>          |   10.661|
B<18>          |Y<28>          |   10.463|
B<18>          |Y<29>          |    9.590|
B<18>          |Y<30>          |    9.817|
B<18>          |Y<31>          |   10.162|
B<18>          |Z              |   10.749|
B<19>          |N              |    8.397|
B<19>          |V              |    9.346|
B<19>          |Y<0>           |   12.344|
B<19>          |Y<19>          |   11.054|
B<19>          |Y<20>          |   10.564|
B<19>          |Y<21>          |   10.447|
B<19>          |Y<22>          |   10.350|
B<19>          |Y<23>          |   10.339|
B<19>          |Y<24>          |   10.392|
B<19>          |Y<25>          |   10.385|
B<19>          |Y<26>          |   10.167|
B<19>          |Y<27>          |   10.665|
B<19>          |Y<28>          |   10.467|
B<19>          |Y<29>          |    9.594|
B<19>          |Y<30>          |    9.821|
B<19>          |Y<31>          |   10.166|
B<19>          |Z              |   10.753|
B<20>          |N              |    8.713|
B<20>          |V              |    9.662|
B<20>          |Y<0>           |   12.660|
B<20>          |Y<20>          |   11.534|
B<20>          |Y<21>          |   10.607|
B<20>          |Y<22>          |   10.639|
B<20>          |Y<23>          |   10.616|
B<20>          |Y<24>          |   10.708|
B<20>          |Y<25>          |   10.701|
B<20>          |Y<26>          |   10.483|
B<20>          |Y<27>          |   10.981|
B<20>          |Y<28>          |   10.783|
B<20>          |Y<29>          |    9.910|
B<20>          |Y<30>          |   10.137|
B<20>          |Y<31>          |   10.482|
B<20>          |Z              |   11.069|
B<21>          |N              |    9.420|
B<21>          |V              |   10.369|
B<21>          |Y<0>           |   13.367|
B<21>          |Y<21>          |   11.438|
B<21>          |Y<22>          |   11.334|
B<21>          |Y<23>          |   11.327|
B<21>          |Y<24>          |   11.415|
B<21>          |Y<25>          |   11.408|
B<21>          |Y<26>          |   11.190|
B<21>          |Y<27>          |   11.688|
B<21>          |Y<28>          |   11.490|
B<21>          |Y<29>          |   10.617|
B<21>          |Y<30>          |   10.844|
B<21>          |Y<31>          |   11.189|
B<21>          |Z              |   11.776|
B<22>          |N              |    9.083|
B<22>          |V              |   10.032|
B<22>          |Y<0>           |   13.030|
B<22>          |Y<22>          |   11.270|
B<22>          |Y<23>          |   10.957|
B<22>          |Y<24>          |   11.078|
B<22>          |Y<25>          |   11.071|
B<22>          |Y<26>          |   10.853|
B<22>          |Y<27>          |   11.351|
B<22>          |Y<28>          |   11.153|
B<22>          |Y<29>          |   10.280|
B<22>          |Y<30>          |   10.507|
B<22>          |Y<31>          |   10.852|
B<22>          |Z              |   11.439|
B<23>          |N              |    9.367|
B<23>          |V              |   10.316|
B<23>          |Y<0>           |   13.314|
B<23>          |Y<23>          |   11.580|
B<23>          |Y<24>          |   11.362|
B<23>          |Y<25>          |   11.355|
B<23>          |Y<26>          |   11.137|
B<23>          |Y<27>          |   11.635|
B<23>          |Y<28>          |   11.437|
B<23>          |Y<29>          |   10.564|
B<23>          |Y<30>          |   10.791|
B<23>          |Y<31>          |   11.136|
B<23>          |Z              |   11.723|
B<24>          |N              |    8.801|
B<24>          |V              |    9.750|
B<24>          |Y<0>           |   12.709|
B<24>          |Y<24>          |   10.661|
B<24>          |Y<25>          |   10.633|
B<24>          |Y<26>          |   10.544|
B<24>          |Y<27>          |   11.030|
B<24>          |Y<28>          |   10.871|
B<24>          |Y<29>          |    9.998|
B<24>          |Y<30>          |   10.225|
B<24>          |Y<31>          |   10.570|
B<24>          |Z              |   11.118|
B<25>          |N              |    9.906|
B<25>          |V              |   10.855|
B<25>          |Y<0>           |   13.818|
B<25>          |Y<25>          |   11.674|
B<25>          |Y<26>          |   11.637|
B<25>          |Y<27>          |   12.139|
B<25>          |Y<28>          |   11.976|
B<25>          |Y<29>          |   11.103|
B<25>          |Y<30>          |   11.330|
B<25>          |Y<31>          |   11.675|
B<25>          |Z              |   12.227|
B<26>          |N              |    9.635|
B<26>          |V              |   10.584|
B<26>          |Y<0>           |   13.514|
B<26>          |Y<26>          |   12.400|
B<26>          |Y<27>          |   11.835|
B<26>          |Y<28>          |   11.705|
B<26>          |Y<29>          |   10.832|
B<26>          |Y<30>          |   11.059|
B<26>          |Y<31>          |   11.404|
B<26>          |Z              |   11.923|
B<27>          |N              |    9.794|
B<27>          |V              |   10.743|
B<27>          |Y<0>           |   13.647|
B<27>          |Y<27>          |   11.968|
B<27>          |Y<28>          |   11.864|
B<27>          |Y<29>          |   10.991|
B<27>          |Y<30>          |   11.218|
B<27>          |Y<31>          |   11.563|
B<27>          |Z              |   12.056|
B<28>          |N              |    8.596|
B<28>          |V              |    9.545|
B<28>          |Y<0>           |   12.158|
B<28>          |Y<28>          |   11.112|
B<28>          |Y<29>          |    9.676|
B<28>          |Y<30>          |   10.032|
B<28>          |Y<31>          |   10.365|
B<28>          |Z              |   10.567|
B<29>          |N              |    8.881|
B<29>          |V              |    9.830|
B<29>          |Y<0>           |   12.427|
B<29>          |Y<29>          |   11.344|
B<29>          |Y<30>          |   10.301|
B<29>          |Y<31>          |   10.650|
B<29>          |Z              |   10.836|
B<30>          |N              |    9.233|
B<30>          |V              |   10.182|
B<30>          |Y<0>           |   12.802|
B<30>          |Y<30>          |   10.676|
B<30>          |Y<31>          |   11.002|
B<30>          |Z              |   11.211|
B<31>          |N              |    8.749|
B<31>          |V              |    9.698|
B<31>          |Y<0>           |   12.228|
B<31>          |Y<31>          |   10.518|
B<31>          |Z              |   10.637|
FN<0>          |N              |   12.561|
FN<0>          |V              |   13.510|
FN<0>          |Y<0>           |   16.508|
FN<0>          |Y<1>           |   13.891|
FN<0>          |Y<2>           |   13.204|
FN<0>          |Y<3>           |   14.147|
FN<0>          |Y<4>           |   14.150|
FN<0>          |Y<5>           |   14.540|
FN<0>          |Y<6>           |   14.420|
FN<0>          |Y<7>           |   14.946|
FN<0>          |Y<8>           |   14.145|
FN<0>          |Y<9>           |   14.423|
FN<0>          |Y<10>          |   14.495|
FN<0>          |Y<11>          |   14.599|
FN<0>          |Y<12>          |   14.103|
FN<0>          |Y<13>          |   14.590|
FN<0>          |Y<14>          |   14.492|
FN<0>          |Y<15>          |   15.005|
FN<0>          |Y<16>          |   14.671|
FN<0>          |Y<17>          |   15.631|
FN<0>          |Y<18>          |   14.499|
FN<0>          |Y<19>          |   14.802|
FN<0>          |Y<20>          |   14.728|
FN<0>          |Y<21>          |   15.226|
FN<0>          |Y<22>          |   14.755|
FN<0>          |Y<23>          |   15.510|
FN<0>          |Y<24>          |   14.556|
FN<0>          |Y<25>          |   14.549|
FN<0>          |Y<26>          |   15.445|
FN<0>          |Y<27>          |   14.829|
FN<0>          |Y<28>          |   14.631|
FN<0>          |Y<29>          |   13.758|
FN<0>          |Y<30>          |   13.985|
FN<0>          |Y<31>          |   14.330|
FN<0>          |Z              |   14.917|
FN<1>          |Y<0>           |   11.807|
FN<1>          |Y<1>           |   12.031|
FN<1>          |Y<2>           |   12.155|
FN<1>          |Y<3>           |   13.887|
FN<1>          |Y<4>           |   12.657|
FN<1>          |Y<5>           |   12.380|
FN<1>          |Y<6>           |   13.581|
FN<1>          |Y<7>           |   12.280|
FN<1>          |Y<8>           |   12.310|
FN<1>          |Y<9>           |   13.020|
FN<1>          |Y<10>          |   13.224|
FN<1>          |Y<11>          |   13.416|
FN<1>          |Y<12>          |   11.814|
FN<1>          |Y<13>          |   13.135|
FN<1>          |Y<14>          |   13.296|
FN<1>          |Y<15>          |   12.950|
FN<1>          |Y<16>          |   13.402|
FN<1>          |Y<17>          |   12.961|
FN<1>          |Y<18>          |   14.131|
FN<1>          |Y<19>          |   15.386|
FN<1>          |Y<20>          |   13.388|
FN<1>          |Y<21>          |   15.073|
FN<1>          |Y<22>          |   14.602|
FN<1>          |Y<23>          |   14.772|
FN<1>          |Y<24>          |   13.035|
FN<1>          |Y<25>          |   13.482|
FN<1>          |Y<26>          |   14.785|
FN<1>          |Y<27>          |   13.847|
FN<1>          |Y<28>          |   13.209|
FN<1>          |Y<29>          |   12.737|
FN<1>          |Y<30>          |   12.552|
FN<1>          |Y<31>          |   13.704|
FN<2>          |Y<0>           |    9.910|
FN<2>          |Y<1>           |    9.623|
FN<2>          |Y<2>           |   10.288|
FN<2>          |Y<3>           |   10.100|
FN<2>          |Y<4>           |    9.674|
FN<2>          |Y<5>           |   10.155|
FN<2>          |Y<6>           |    9.737|
FN<2>          |Y<7>           |   10.362|
FN<2>          |Y<8>           |   10.255|
FN<2>          |Y<9>           |   10.203|
FN<2>          |Y<10>          |    9.368|
FN<2>          |Y<11>          |   10.552|
FN<2>          |Y<12>          |    9.807|
FN<2>          |Y<13>          |    9.964|
FN<2>          |Y<14>          |   11.092|
FN<2>          |Y<15>          |   11.692|
FN<2>          |Y<16>          |   11.261|
FN<2>          |Y<17>          |   10.829|
FN<2>          |Y<18>          |   11.200|
FN<2>          |Y<19>          |   12.113|
FN<2>          |Y<20>          |   12.192|
FN<2>          |Y<21>          |   12.524|
FN<2>          |Y<22>          |   12.230|
FN<2>          |Y<23>          |   12.662|
FN<2>          |Y<24>          |    9.759|
FN<2>          |Y<25>          |   11.591|
FN<2>          |Y<26>          |   12.956|
FN<2>          |Y<27>          |   12.134|
FN<2>          |Y<28>          |   11.176|
FN<2>          |Y<29>          |   10.359|
FN<2>          |Y<30>          |   11.156|
FN<2>          |Y<31>          |   11.148|
FN<3>          |Y<0>           |   11.151|
FN<3>          |Y<1>           |   11.357|
FN<3>          |Y<2>           |   10.823|
FN<3>          |Y<3>           |   11.417|
FN<3>          |Y<4>           |   11.281|
FN<3>          |Y<5>           |   11.473|
FN<3>          |Y<6>           |   10.992|
FN<3>          |Y<7>           |   11.357|
FN<3>          |Y<8>           |   11.307|
FN<3>          |Y<9>           |   11.080|
FN<3>          |Y<10>          |   10.355|
FN<3>          |Y<11>          |   11.363|
FN<3>          |Y<12>          |   11.216|
FN<3>          |Y<13>          |   11.186|
FN<3>          |Y<14>          |   12.342|
FN<3>          |Y<15>          |   12.108|
FN<3>          |Y<16>          |   12.483|
FN<3>          |Y<17>          |   11.753|
FN<3>          |Y<18>          |   12.232|
FN<3>          |Y<19>          |   13.119|
FN<3>          |Y<20>          |   13.167|
FN<3>          |Y<21>          |   13.724|
FN<3>          |Y<22>          |   13.280|
FN<3>          |Y<23>          |   13.950|
FN<3>          |Y<24>          |   11.026|
FN<3>          |Y<25>          |   12.334|
FN<3>          |Y<26>          |   13.794|
FN<3>          |Y<27>          |   13.058|
FN<3>          |Y<28>          |   12.253|
FN<3>          |Y<29>          |   11.717|
FN<3>          |Y<30>          |   12.047|
FN<3>          |Y<31>          |   12.418|
FN<4>          |Y<0>           |    9.866|
FN<4>          |Y<1>           |    9.616|
FN<4>          |Y<2>           |    9.425|
FN<4>          |Y<3>           |    9.926|
FN<4>          |Y<4>           |    9.770|
FN<4>          |Y<5>           |   10.334|
FN<4>          |Y<6>           |    9.638|
FN<4>          |Y<7>           |    9.881|
FN<4>          |Y<8>           |    9.030|
FN<4>          |Y<9>           |    9.282|
FN<4>          |Y<10>          |    9.241|
FN<4>          |Y<11>          |   10.704|
FN<4>          |Y<12>          |    9.085|
FN<4>          |Y<13>          |   10.393|
FN<4>          |Y<14>          |   10.796|
FN<4>          |Y<15>          |   11.921|
FN<4>          |Y<16>          |   12.373|
FN<4>          |Y<17>          |   11.834|
FN<4>          |Y<18>          |   13.102|
FN<4>          |Y<19>          |   13.646|
FN<4>          |Y<20>          |   11.586|
FN<4>          |Y<21>          |   13.259|
FN<4>          |Y<22>          |   12.960|
FN<4>          |Y<23>          |   13.163|
FN<4>          |Y<24>          |    9.646|
FN<4>          |Y<25>          |   12.453|
FN<4>          |Y<26>          |   13.756|
FN<4>          |Y<27>          |   12.818|
FN<4>          |Y<28>          |   12.180|
FN<4>          |Y<29>          |   11.619|
FN<4>          |Y<30>          |   11.523|
FN<4>          |Y<31>          |   11.463|
FN<5>          |Y<0>           |    9.288|
FN<5>          |Y<1>           |    9.644|
FN<5>          |Y<2>           |    9.986|
FN<5>          |Y<3>           |   10.561|
FN<5>          |Y<4>           |   10.014|
FN<5>          |Y<5>           |    9.756|
FN<5>          |Y<6>           |    9.334|
FN<5>          |Y<7>           |    9.834|
FN<5>          |Y<8>           |    9.418|
FN<5>          |Y<9>           |    9.729|
FN<5>          |Y<10>          |    9.500|
FN<5>          |Y<11>          |   10.243|
FN<5>          |Y<12>          |    9.416|
FN<5>          |Y<13>          |    9.873|
FN<5>          |Y<14>          |   10.440|
FN<5>          |Y<15>          |   10.488|
FN<5>          |Y<16>          |   10.168|
FN<5>          |Y<17>          |   10.528|
FN<5>          |Y<18>          |    9.933|
FN<5>          |Y<19>          |   10.758|
FN<5>          |Y<20>          |    9.306|
FN<5>          |Y<21>          |   11.163|
FN<5>          |Y<22>          |    9.606|
FN<5>          |Y<23>          |    9.770|
FN<5>          |Y<24>          |   10.099|
FN<5>          |Y<25>          |   10.275|
FN<5>          |Y<26>          |   10.112|
FN<5>          |Y<27>          |    9.342|
FN<5>          |Y<28>          |   10.775|
FN<5>          |Y<29>          |    9.259|
FN<5>          |Y<30>          |    8.981|
FN<5>          |Y<31>          |    8.816|
---------------+---------------+---------+


Analysis completed Fri Feb 10 01:13:54 2017 
--------------------------------------------------------------------------------

Trace Settings:
-------------------------
Trace Settings 

Peak Memory Usage: 241 MB



